#-----------------------------------------------------------
# Vivado v2018.2 (64-bit)
# SW Build 2258646 on Thu Jun 14 20:03:12 MDT 2018
# IP Build 2256618 on Thu Jun 14 22:10:49 MDT 2018
# Start of session at: Mon Jun 15 14:39:45 2026
# Process ID: 15328
# Current directory: D:/WorkSpace/HDL/yadro_practice/project/apuf_parallel_uart_v1.0/apuf_parallel_uart_v1.0.runs/apuf_parallel_uart_design_uart_tx_0_0_synth_1
# Command line: vivado.exe -log apuf_parallel_uart_design_uart_tx_0_0.vds -product Vivado -mode batch -messageDb vivado.pb -notrace -source apuf_parallel_uart_design_uart_tx_0_0.tcl
# Log file: D:/WorkSpace/HDL/yadro_practice/project/apuf_parallel_uart_v1.0/apuf_parallel_uart_v1.0.runs/apuf_parallel_uart_design_uart_tx_0_0_synth_1/apuf_parallel_uart_design_uart_tx_0_0.vds
# Journal file: D:/WorkSpace/HDL/yadro_practice/project/apuf_parallel_uart_v1.0/apuf_parallel_uart_v1.0.runs/apuf_parallel_uart_design_uart_tx_0_0_synth_1\vivado.jou
#-----------------------------------------------------------
source apuf_parallel_uart_design_uart_tx_0_0.tcl -notrace
